// Jest Snapshot v1, https://goo.gl/fbAQLP

exports[`Header renders without regressions 1`] = `
<div
  className="Header__HeaderOuter-sc-1infziw-0 bUXTcv"
>
  <div
    className="Header__HeaderInner-sc-1infziw-1 iZUhAe"
  >
    <a
      className="Link__StyledLink-sc-ualt9-0 gpCrQD Header__HomeLink-sc-1infziw-2 fIToSW"
      href="/"
      usePlainStyle={true}
    >
      <h1>
        siteTitle
      </h1>
    </a>
    <div
      className="MenuHorizontal__Container-sc-1eqslyb-0 dDlQZC Header__MenuHorizontal-sc-1infziw-3 GGuEb"
    >
      <a
        className="Link__StyledLink-sc-ualt9-0 gpCrQD MenuHorizontal__MenuLink-sc-1eqslyb-1 gpYiQp"
        href="/path-1/"
        usePlainStyle={true}
      >
        title-1
      </a>
      <span
        className="MenuHorizontal__Separator-sc-1eqslyb-2 ijqdii"
      />
      <a
        className="Link__StyledLink-sc-ualt9-0 gpCrQD MenuHorizontal__MenuLink-sc-1eqslyb-1 gpYiQp"
        href="/path-2/"
        usePlainStyle={true}
      >
        title-2
      </a>
    </div>
    <div
      className="Header__MenuVertical-sc-1infziw-4 gdnVwI"
    >
      <button
        className="MenuVertical__MenuButton-sc-ul6jf3-0 kbcEtn"
        onClick={[Function]}
      >
        Menu
      </button>
    </div>
  </div>
  <div
    className="Header__MenuVertical-sc-1infziw-4 gdnVwI"
  >
    <div
      className="MenuVertical__Body-sc-ul6jf3-2 eqlZSr"
    >
      <a
        className="Link__StyledLink-sc-ualt9-0 gpCrQD MenuVertical__MenuLink-sc-ul6jf3-3 fteZtz"
        href="/path-1/"
        usePlainStyle={true}
      >
        title-1
      </a>
      <span
        className="MenuVertical__Separator-sc-ul6jf3-1 kMyFSY"
      />
      <a
        className="Link__StyledLink-sc-ualt9-0 gpCrQD MenuVertical__MenuLink-sc-ul6jf3-3 fteZtz"
        href="/path-2/"
        usePlainStyle={true}
      >
        title-2
      </a>
    </div>
  </div>
</div>
`;
