// Jest Snapshot v1, https://goo.gl/fbAQLP

exports[`MenuHorizontal renders without regressions 1`] = `
<div
  className="MenuHorizontal__Container-sc-1eqslyb-0 dDlQZC"
>
  <a
    className="Link__StyledLink-sc-ualt9-0 gpCrQD MenuHorizontal__MenuLink-sc-1eqslyb-1 gpYiQp"
    href="/path-1"
    usePlainStyle={true}
  >
    title-1
  </a>
  <span
    className="MenuHorizontal__Separator-sc-1eqslyb-2 ijqdii"
  />
  <a
    className="Link__StyledLink-sc-ualt9-0 gpCrQD MenuHorizontal__MenuLink-sc-1eqslyb-1 gpYiQp"
    href="/path-2"
    usePlainStyle={true}
  >
    title-2
  </a>
</div>
`;
