// Jest Snapshot v1, https://goo.gl/fbAQLP

exports[`BottomNavigation renders without regressions 1`] = `
Array [
  <hr />,
  <div
    className="BottomNavigation__OptionContainer-sc-1imvtma-0 kmjDtj"
  >
    <span>
      <span
        className="BottomNavigation__OptionTitle-sc-1imvtma-1 bnjoNY"
      >
        Prev:
      </span>
       
      <br />
      <a
        className="Link__StyledLink-sc-ualt9-0 hjXVxL"
        href="/prev-path"
      >
        ← 
        prev-title
      </a>
    </span>
  </div>,
  <div
    className="BottomNavigation__OptionContainer-sc-1imvtma-0 kmjDtj"
  >
    <span>
      <span
        className="BottomNavigation__OptionTitle-sc-1imvtma-1 bnjoNY"
      >
        Next:
      </span>
       
      <br />
      <a
        className="Link__StyledLink-sc-ualt9-0 hjXVxL"
        href="/next-path"
      >
        next-title
         →
      </a>
    </span>
  </div>,
  <div
    className="BottomNavigation__OptionContainer-sc-1imvtma-0 kmjDtj"
  >
    <span>
      <span
        className="BottomNavigation__OptionTitle-sc-1imvtma-1 bnjoNY"
      >
        Back:
      </span>
       
      <br />
      <a
        className="Link__StyledLink-sc-ualt9-0 hjXVxL"
        href="/back-path"
      >
        ← 
        back-title
      </a>
    </span>
  </div>,
]
`;
