// Jest Snapshot v1, https://goo.gl/fbAQLP

exports[`Header renders without regressions 1`] = `
<div
  css={
    Object {
      "marginBottom": "0.809rem",
    }
  }
>
  <div
    css={
      Object {
        "alignItems": "center",
        "display": "flex",
        "flexDirection": "row",
        "justifyContent": "space-between",
        "paddingTop": "0.809rem",
      }
    }
  >
    <a
      css={
        Object {
          ":hover": Object {
            "textDecoration": "none",
          },
          "> h3": Object {
            "color": "#2C8127",
            "marginBottom": 0,
            "marginTop": 0,
          },
          "background": "none",
          "textDecoration": "none",
          "textShadow": "none",
        }
      }
      href="/"
    >
      <h3>
        siteTitle
      </h3>
    </a>
    <div
      css={
        Object {
          "@media (max-width: 779px)": Object {
            "display": "none",
          },
        }
      }
    >
      <a
        css={
          Object {
            ":hover": Object {},
            "background": "none",
            "fontSize": "1rem",
            "fontWeight": "medium",
            "textDecoration": "none",
          }
        }
        href="/path-1/"
      >
        title-1
      </a>
      <span
        css={
          Object {
            "color": "white",
            "cursor": "default",
            "marginLeft": "0.5rem",
            "marginRight": "0.5rem",
          }
        }
      >
         
      </span>
      <a
        css={
          Object {
            ":hover": Object {},
            "background": "none",
            "fontSize": "1rem",
            "fontWeight": "medium",
            "textDecoration": "none",
          }
        }
        href="/path-2/"
      >
        title-2
      </a>
    </div>
    <div
      css={
        Object {
          "@media (min-width: 780px)": Object {
            "display": "none",
          },
        }
      }
    >
      <button
        css={
          Array [
            Object {
              ":focus": Object {
                "outline": 0,
              },
              "backgroundColor": "transparent",
              "border": "1px solid #2C8127",
              "color": "#2C8127",
              "cursor": "pointer",
              "padding": "0.5rem",
            },
            null,
          ]
        }
        onClick={[Function]}
      >
        Menu
      </button>
    </div>
  </div>
  <div
    css={
      Object {
        "@media (min-width: 780px)": Object {
          "display": "none",
        },
      }
    }
  >
    <div
      css={
        Array [
          Object {
            "alignItems": "center",
            "display": "flex",
            "flexDirection": "column",
            "paddingBottom": "0.809rem",
            "paddingTop": "1.618rem",
          },
          Object {
            "display": "none",
          },
        ]
      }
    >
      <a
        css={
          Object {
            ":hover": Object {},
            "background": "none",
            "fontSize": "1rem",
            "fontWeight": "medium",
            "textDecoration": "none",
          }
        }
        href="/path-1/"
      >
        title-1
      </a>
      <span
        css={
          Object {
            "color": "white",
            "cursor": "default",
            "height": "0.5rem",
          }
        }
      >
         
      </span>
      <a
        css={
          Object {
            ":hover": Object {},
            "background": "none",
            "fontSize": "1rem",
            "fontWeight": "medium",
            "textDecoration": "none",
          }
        }
        href="/path-2/"
      >
        title-2
      </a>
    </div>
  </div>
</div>
`;
