// Jest Snapshot v1, https://goo.gl/fbAQLP

exports[`Header renders without regressions 1`] = `
Array [
  <style
    dangerouslySetInnerHTML={
      Object {
        "__html": ".css-1pcmc93{margin-bottom:0.809rem;}",
      }
    }
    data-emotion="css 1pcmc93"
  />,
  <div
    className="css-1pcmc93"
  >
    <style
      dangerouslySetInnerHTML={
        Object {
          "__html": ".css-13o4jer{padding-top:0.809rem;display:-webkit-box;display:-webkit-flex;display:-ms-flexbox;display:flex;-webkit-flex-direction:row;-ms-flex-direction:row;flex-direction:row;-webkit-box-pack:justify;-webkit-justify-content:space-between;justify-content:space-between;-webkit-align-items:center;-webkit-box-align:center;-ms-flex-align:center;align-items:center;}",
        }
      }
      data-emotion="css 13o4jer"
    />
    <div
      className="css-13o4jer"
    >
      <style
        dangerouslySetInnerHTML={
          Object {
            "__html": ".css-nauaj9{-webkit-text-decoration:none;text-decoration:none;background:none;text-shadow:none;}.css-nauaj9:hover{-webkit-text-decoration:none;text-decoration:none;}.css-nauaj9 >h1{color:#2C8127;margin:0;font-weight:600;font-size:1.21225rem;}",
          }
        }
        data-emotion="css nauaj9"
      />
      <style
        dangerouslySetInnerHTML={
          Object {
            "__html": ".css-4afkbd{color:#2C8127;-webkit-text-decoration:none;text-decoration:none;background-image:linear-gradient(
    to top,
    rgba(0, 0, 0, 0),
    rgba(0, 0, 0, 0) 1px,
    currentColor 1px,
    currentColor 2px,
    rgba(0, 0, 0, 0) 2px
  );-webkit-text-decoration:none;text-decoration:none;background:none;text-shadow:none;}.css-4afkbd:hover{background-image:none;-webkit-filter:brightness(1.3);filter:brightness(1.3);}.css-4afkbd:hover{-webkit-text-decoration:none;text-decoration:none;}.css-4afkbd >h1{color:#2C8127;margin:0;font-weight:600;font-size:1.21225rem;}",
          }
        }
        data-emotion="css 4afkbd"
      />
      <a
        className="css-4afkbd"
        href="/"
      >
        <h1>
          siteTitle
        </h1>
      </a>
      <style
        dangerouslySetInnerHTML={
          Object {
            "__html": "@media (max-width: 779px){.css-1vi9qj2{display:none;}}",
          }
        }
        data-emotion="css 1vi9qj2"
      />
      <style
        dangerouslySetInnerHTML={
          Object {
            "__html": ".css-1nomk7v-MenuHorizontal{display:-webkit-box;display:-webkit-flex;display:-ms-flexbox;display:flex;-webkit-flex-direction:row;-ms-flex-direction:row;flex-direction:row;}@media (max-width: 779px){.css-1nomk7v-MenuHorizontal{display:none;}}",
          }
        }
        data-emotion="css 1nomk7v-MenuHorizontal"
      />
      <div
        className="css-1nomk7v-MenuHorizontal"
      >
        <style
          dangerouslySetInnerHTML={
            Object {
              "__html": ".css-1mgyam6{-webkit-text-decoration:none;text-decoration:none;font-size:1rem;font-weight:medium;background:none;}",
            }
          }
          data-emotion="css 1mgyam6"
        />
        <style
          dangerouslySetInnerHTML={
            Object {
              "__html": ".css-t9hu3x{color:#2C8127;-webkit-text-decoration:none;text-decoration:none;background-image:linear-gradient(
    to top,
    rgba(0, 0, 0, 0),
    rgba(0, 0, 0, 0) 1px,
    currentColor 1px,
    currentColor 2px,
    rgba(0, 0, 0, 0) 2px
  );-webkit-text-decoration:none;text-decoration:none;font-size:1rem;font-weight:medium;background:none;}.css-t9hu3x:hover{background-image:none;-webkit-filter:brightness(1.3);filter:brightness(1.3);}",
            }
          }
          data-emotion="css t9hu3x"
        />
        <a
          className="css-t9hu3x"
          href="/path-1/"
        >
          title-1
        </a>
        <style
          dangerouslySetInnerHTML={
            Object {
              "__html": ".css-1u0gifa-Separator{color:white;margin-left:0.5rem;margin-right:0.5rem;cursor:default;}",
            }
          }
          data-emotion="css 1u0gifa-Separator"
        />
        <span
          className="css-1u0gifa-Separator"
        >
           
        </span>
        <a
          className="css-t9hu3x"
          href="/path-2/"
        >
          title-2
        </a>
      </div>
      <style
        dangerouslySetInnerHTML={
          Object {
            "__html": "@media (min-width: 780px){.css-1dhntwi{display:none;}}",
          }
        }
        data-emotion="css 1dhntwi"
      />
      <div
        className="css-1dhntwi"
      >
        <style
          dangerouslySetInnerHTML={
            Object {
              "__html": ".css-50n0xx-MenuVertical{cursor:pointer;color:#2C8127;border:1px solid #2C8127;padding:0.5rem;background-color:transparent;}.css-50n0xx-MenuVertical:focus{outline:0;}",
            }
          }
          data-emotion="css 50n0xx-MenuVertical"
        />
        <button
          className="css-50n0xx-MenuVertical"
          onClick={[Function]}
        >
          Menu
        </button>
      </div>
    </div>
    <div
      className="css-1dhntwi"
    >
      <style
        dangerouslySetInnerHTML={
          Object {
            "__html": ".css-1tobc0i-MenuVertical{display:-webkit-box;display:-webkit-flex;display:-ms-flexbox;display:flex;-webkit-flex-direction:column;-ms-flex-direction:column;flex-direction:column;-webkit-align-items:center;-webkit-box-align:center;-ms-flex-align:center;align-items:center;padding-bottom:0.809rem;padding-top:1.618rem;display:none;}",
          }
        }
        data-emotion="css 1tobc0i-MenuVertical"
      />
      <div
        className="css-1tobc0i-MenuVertical"
      >
        <a
          className="css-t9hu3x"
          href="/path-1/"
        >
          title-1
        </a>
        <style
          dangerouslySetInnerHTML={
            Object {
              "__html": ".css-l1p1i0-Separator{height:0.5rem;color:white;cursor:default;}",
            }
          }
          data-emotion="css l1p1i0-Separator"
        />
        <span
          className="css-l1p1i0-Separator"
        >
           
        </span>
        <a
          className="css-t9hu3x"
          href="/path-2/"
        >
          title-2
        </a>
      </div>
    </div>
  </div>,
]
`;
