// Jest Snapshot v1, https://goo.gl/fbAQLP

exports[`MenuHorizontal renders without regressions 1`] = `
<div
  css={
    Object {
      "display": "flex",
      "flexDirection": "row",
    }
  }
>
  <a
    css={
      Object {
        ":hover": Object {},
        "background": "none",
        "fontSize": "1rem",
        "fontWeight": "medium",
        "textDecoration": "none",
      }
    }
    href="/path-1"
  >
    title-1
  </a>
  <span
    css={
      Object {
        "color": "white",
        "cursor": "default",
        "marginLeft": "0.5rem",
        "marginRight": "0.5rem",
      }
    }
  >
     
  </span>
  <a
    css={
      Object {
        ":hover": Object {},
        "background": "none",
        "fontSize": "1rem",
        "fontWeight": "medium",
        "textDecoration": "none",
      }
    }
    href="/path-2"
  >
    title-2
  </a>
</div>
`;
